
Memory Configuration

Name             Origin             Length             Attributes
flash            0x08000000         0x00020000         xr
sram             0x20000000         0x00005000         xrw
*default*        0x00000000         0xffffffff

Linker script and memory map


.text           0x08000000      0x194
 *(.vectors*)
 .vectors       0x08000000       0x1c startup.o
                0x08000000                vectors
 *(.text*)
 .text          0x0800001c       0xb8 main.o
                0x0800001c                Toggle_GPIO_ODR_PIN13
                0x08000080                main
 .text          0x080000d4       0xc0 startup.o
                0x080000d4                Rest_Handler
                0x08000188                MM_Fault_Handler
                0x08000188                Default_Handler
                0x08000188                Usage_Fault_Handler
                0x08000188                H_Fault_Handler
                0x08000188                Bus_Handler
                0x08000188                NMI_Handler
 *(.rodata)
                0x08000194                _E_TEXT_ = .

.glue_7         0x08000194        0x0
 .glue_7        0x00000000        0x0 linker stubs

.glue_7t        0x08000194        0x0
 .glue_7t       0x00000000        0x0 linker stubs

.vfp11_veneer   0x08000194        0x0
 .vfp11_veneer  0x00000000        0x0 linker stubs

.v4_bx          0x08000194        0x0
 .v4_bx         0x00000000        0x0 linker stubs

.iplt           0x08000194        0x0
 .iplt          0x00000000        0x0 main.o

.rel.dyn        0x08000194        0x0
 .rel.iplt      0x00000000        0x0 main.o

.data           0x20000000        0x4 load address 0x08000194
                0x20000000                _S_DATA_ = .
 *(.data)
 .data          0x20000000        0x4 main.o
                0x20000000                R_ODR
 .data          0x20000004        0x0 startup.o
                0x20000004                _E_DATA_ = .

.igot.plt       0x20000004        0x0 load address 0x08000198
 .igot.plt      0x00000000        0x0 main.o

.bss            0x20000004     0x1000 load address 0x08000198
                0x20000004                _S_BSS_ = .
 *(.bss)
 .bss           0x20000004        0x0 main.o
 .bss           0x20000004        0x0 startup.o
                0x20000004                . = ALIGN (0x4)
                0x20000004                _E_BSS_ = .
                0x20000004                . = ALIGN (0x4)
                0x20001004                . = (. + 0x1000)
 *fill*         0x20000004     0x1000 
                0x20001004                _STACK_TOP_SP_ = .
LOAD main.o
LOAD startup.o
OUTPUT(STM32_Toggle_Led_Native_Startup_Linker_Cortex_m3.elf elf32-littlearm)

.debug_info     0x00000000      0x27d
 .debug_info    0x00000000      0x13a main.o
 .debug_info    0x0000013a      0x143 startup.o

.debug_abbrev   0x00000000      0x1a8
 .debug_abbrev  0x00000000       0xe4 main.o
 .debug_abbrev  0x000000e4       0xc4 startup.o

.debug_loc      0x00000000       0xc8
 .debug_loc     0x00000000       0x64 main.o
 .debug_loc     0x00000064       0x64 startup.o

.debug_aranges  0x00000000       0x40
 .debug_aranges
                0x00000000       0x20 main.o
 .debug_aranges
                0x00000020       0x20 startup.o

.debug_line     0x00000000      0x110
 .debug_line    0x00000000       0xa7 main.o
 .debug_line    0x000000a7       0x69 startup.o

.debug_str      0x00000000      0x206
 .debug_str     0x00000000      0x160 main.o
                                0x19d (size before relaxing)
 .debug_str     0x00000160       0xa6 startup.o
                                0x182 (size before relaxing)

.comment        0x00000000       0x11
 .comment       0x00000000       0x11 main.o
                                 0x12 (size before relaxing)
 .comment       0x00000000       0x12 startup.o

.ARM.attributes
                0x00000000       0x33
 .ARM.attributes
                0x00000000       0x33 main.o
 .ARM.attributes
                0x00000033       0x33 startup.o

.debug_frame    0x00000000       0x94
 .debug_frame   0x00000000       0x48 main.o
 .debug_frame   0x00000048       0x4c startup.o
