
Memory Configuration

Name             Origin             Length             Attributes
flash            0x08000000         0x00020000         xr
sram             0x20000000         0x00005000         xrw
*default*        0x00000000         0xffffffff

Linker script and memory map


.text           0x08000000      0x11c
 *(.vectors*)
 .vectors       0x08000000       0x1c startup.o
                0x08000000                vectors
 *(.text*)
 .text          0x0800001c       0xb8 main.o
                0x0800001c                Toggle_GPIO_ODR_PIN13
                0x08000080                main
 .text          0x080000d4       0x48 startup.o
                0x080000d4                Rest_Handler
                0x080000e0                NMI_Handler
                0x080000ec                H_Fault_Handler
                0x080000f8                MM_Fault_Handler
                0x08000104                Bus_Handler
                0x08000110                Usage_Fault_Handler
 *(.rodata)

.glue_7         0x0800011c        0x0
 .glue_7        0x00000000        0x0 linker stubs

.glue_7t        0x0800011c        0x0
 .glue_7t       0x00000000        0x0 linker stubs

.vfp11_veneer   0x0800011c        0x0
 .vfp11_veneer  0x00000000        0x0 linker stubs

.v4_bx          0x0800011c        0x0
 .v4_bx         0x00000000        0x0 linker stubs

.iplt           0x0800011c        0x0
 .iplt          0x00000000        0x0 main.o

.rel.dyn        0x0800011c        0x0
 .rel.iplt      0x00000000        0x0 main.o

.data           0x0800011c        0x4
 *(.data)
 .data          0x0800011c        0x4 main.o
                0x0800011c                R_ODR
 .data          0x08000120        0x0 startup.o

.igot.plt       0x08000120        0x0
 .igot.plt      0x00000000        0x0 main.o

.bss            0x20000000        0x0
 *(.bss)
 .bss           0x20000000        0x0 main.o
 .bss           0x20000000        0x0 startup.o
LOAD main.o
LOAD startup.o
OUTPUT(STM32_Toggle_Led_Native_Startup_Linker_Cortex_m3.elf elf32-littlearm)

.debug_info     0x00000000      0x21f
 .debug_info    0x00000000      0x13a main.o
 .debug_info    0x0000013a       0xe5 startup.o

.debug_abbrev   0x00000000      0x14b
 .debug_abbrev  0x00000000       0xe4 main.o
 .debug_abbrev  0x000000e4       0x67 startup.o

.debug_loc      0x00000000      0x16c
 .debug_loc     0x00000000       0x64 main.o
 .debug_loc     0x00000064      0x108 startup.o

.debug_aranges  0x00000000       0x40
 .debug_aranges
                0x00000000       0x20 main.o
 .debug_aranges
                0x00000020       0x20 startup.o

.debug_line     0x00000000       0xf7
 .debug_line    0x00000000       0xa7 main.o
 .debug_line    0x000000a7       0x50 startup.o

.debug_str      0x00000000      0x1d5
 .debug_str     0x00000000      0x160 main.o
                                0x19d (size before relaxing)
 .debug_str     0x00000160       0x75 startup.o
                                0x143 (size before relaxing)

.comment        0x00000000       0x11
 .comment       0x00000000       0x11 main.o
                                 0x12 (size before relaxing)
 .comment       0x00000000       0x12 startup.o

.ARM.attributes
                0x00000000       0x33
 .ARM.attributes
                0x00000000       0x33 main.o
 .ARM.attributes
                0x00000033       0x33 startup.o

.debug_frame    0x00000000      0x100
 .debug_frame   0x00000000       0x48 main.o
 .debug_frame   0x00000048       0xb8 startup.o
