
Memory Configuration

Name             Origin             Length             Attributes
flash            0x08000000         0x00020000         xr
sram             0x20000000         0x00005000         xrw
*default*        0x00000000         0xffffffff

Linker script and memory map


.text           0x08000000      0x110
 *(.vectors*)
 .vectors       0x08000000       0x50 startup.o
 *(.text*)
 .text          0x08000050        0x8 startup.o
 .text          0x08000058       0xb8 main.o
                0x08000058                Toggle_GPIO_ODR_PIN13
                0x080000bc                main
 *(.rodata)

.glue_7         0x08000110        0x0
 .glue_7        0x00000000        0x0 linker stubs

.glue_7t        0x08000110        0x0
 .glue_7t       0x00000000        0x0 linker stubs

.vfp11_veneer   0x08000110        0x0
 .vfp11_veneer  0x00000000        0x0 linker stubs

.v4_bx          0x08000110        0x0
 .v4_bx         0x00000000        0x0 linker stubs

.iplt           0x08000110        0x0
 .iplt          0x00000000        0x0 startup.o

.rel.dyn        0x08000110        0x0
 .rel.iplt      0x00000000        0x0 startup.o

.data           0x08000110        0x4
 *(.data)
 .data          0x08000110        0x0 startup.o
 .data          0x08000110        0x4 main.o
                0x08000110                R_ODR

.igot.plt       0x08000114        0x0
 .igot.plt      0x00000000        0x0 startup.o

.bss            0x20000000        0x0
 *(.bss)
 .bss           0x20000000        0x0 startup.o
 .bss           0x20000000        0x0 main.o
LOAD startup.o
LOAD main.o
OUTPUT(STM32_Toggle_Led_Native_Startup_Linker_Cortex_m3.elf elf32-littlearm)

.ARM.attributes
                0x00000000       0x2f
 .ARM.attributes
                0x00000000       0x21 startup.o
 .ARM.attributes
                0x00000021       0x33 main.o

.comment        0x00000000       0x11
 .comment       0x00000000       0x11 main.o
                                 0x12 (size before relaxing)

.debug_line     0x00000000       0xe2
 .debug_line    0x00000000       0x3b startup.o
 .debug_line    0x0000003b       0xa7 main.o

.debug_info     0x00000000      0x218
 .debug_info    0x00000000       0xde startup.o
 .debug_info    0x000000de      0x13a main.o

.debug_abbrev   0x00000000       0xf8
 .debug_abbrev  0x00000000       0x14 startup.o
 .debug_abbrev  0x00000014       0xe4 main.o

.debug_aranges  0x00000000       0x40
 .debug_aranges
                0x00000000       0x20 startup.o
 .debug_aranges
                0x00000020       0x20 main.o

.debug_loc      0x00000000       0x64
 .debug_loc     0x00000000       0x64 main.o

.debug_str      0x00000000      0x160
 .debug_str     0x00000000      0x160 main.o
                                0x19d (size before relaxing)

.debug_frame    0x00000000       0x48
 .debug_frame   0x00000000       0x48 main.o
